2025-02-18T11:19:13.347Z [[32MINFO[39M]: Server running on port 3000
2025-02-18T11:19:57.458Z [[32MINFO[39M]: Server running on port 3000
2025-02-18T14:20:46.180Z [INFO]: Order status updated for orderDetailId: 51 by manufacturerId: 3
2025-02-18T14:20:47.123Z [INFO]: Order status updated for orderDetailId: 51 by manufacturerId: 3
2025-02-18T14:21:04.611Z [INFO]: Received sign-in request for email: adhithi@gmail.com
2025-02-18T14:21:04.734Z [INFO]: User signed in successfully with email: adhithi@gmail.com
2025-02-18T14:21:08.266Z [INFO]: Successfully fetched orders for customer with ID: 5
2025-02-18T14:21:08.277Z [INFO]: Successfully fetched orders for customer with ID: 5
2025-02-18T14:21:12.425Z [INFO]: Successfully fetched orders for customer with ID: 5
2025-02-18T14:21:12.434Z [INFO]: Successfully fetched orders for customer with ID: 5
2025-02-18T14:21:21.042Z [INFO]: Order status updated for orderDetailId: 52 by manufacturerId: 3
2025-02-18T14:21:26.932Z [INFO]: Successfully fetched orders for customer with ID: 5
2025-02-18T14:21:26.946Z [INFO]: Successfully fetched orders for customer with ID: 5
2025-02-18T14:27:42.126Z [INFO]: Successfully fetched orders for customer with ID: 5
2025-02-18T14:27:42.146Z [INFO]: Successfully fetched orders for customer with ID: 5
2025-02-18T14:29:27.510Z [INFO]: Fetched 9 products
2025-02-18T14:29:27.514Z [INFO]: Fetched 9 products
2025-02-18T14:29:31.041Z [INFO]: Successfully fetched orders for customer with ID: 5
2025-02-18T14:29:31.056Z [INFO]: Successfully fetched orders for customer with ID: 5
2025-02-18T14:29:44.393Z [INFO]: Received sign-in request for email: ramasamy@gmail.com
2025-02-18T14:29:44.684Z [INFO]: User signed in successfully with email: ramasamy@gmail.com
2025-02-18T14:30:21.932Z [INFO]: Received sign-in request for email: adhithi@gmail.com
2025-02-18T14:30:22.217Z [INFO]: User signed in successfully with email: adhithi@gmail.com
2025-02-18T14:30:25.181Z [INFO]: Fetched 9 products
2025-02-18T14:30:25.185Z [INFO]: Fetched 9 products
2025-02-18T14:30:29.182Z [INFO]: New order request received for user ID: 5
2025-02-18T14:30:29.252Z [INFO]: Order created successfully with ID: 43
2025-02-18T14:30:29.263Z [INFO]: Added product ID 5 to order ID 43
2025-02-18T14:30:29.267Z [INFO]: Order ID 43 placed successfully
2025-02-18T14:30:56.978Z [INFO]: Received sign-in request for email: ramasamy@gmail.com
2025-02-18T14:30:57.401Z [INFO]: User signed in successfully with email: ramasamy@gmail.com
2025-02-18T14:31:02.695Z [INFO]: Order status updated for orderDetailId: 53 by manufacturerId: 3
2025-02-18T14:31:23.330Z [INFO]: Received sign-in request for email: adhithi@gmail.com
2025-02-18T14:31:23.616Z [INFO]: User signed in successfully with email: adhithi@gmail.com
2025-02-18T14:31:25.940Z [INFO]: Successfully fetched orders for customer with ID: 5
2025-02-18T14:31:25.955Z [INFO]: Successfully fetched orders for customer with ID: 5
2025-02-18T14:47:34.741Z [INFO]: Successfully fetched orders for customer with ID: 5
2025-02-18T14:47:34.752Z [INFO]: Successfully fetched orders for customer with ID: 5
2025-02-18T14:47:45.404Z [INFO]: Received sign-in request for email: ramasamy@gmail.com
2025-02-18T14:47:45.826Z [INFO]: User signed in successfully with email: ramasamy@gmail.com
2025-02-18T16:19:54.356Z [INFO]: Received sign-in request for email: adhithi@gmail.com
2025-02-18T16:19:54.880Z [INFO]: User signed in successfully with email: adhithi@gmail.com
2025-02-18T16:19:59.928Z [INFO]: Successfully fetched orders for customer with ID: 5
2025-02-18T16:19:59.939Z [INFO]: Successfully fetched orders for customer with ID: 5
2025-02-18T16:21:56.892Z [INFO]: Fetched 9 products
2025-02-18T16:21:56.902Z [INFO]: Fetched 9 products
2025-02-18T16:32:59.010Z [INFO]: Fetched 9 products
2025-02-18T16:32:59.016Z [INFO]: Fetched 9 products
2025-02-18T16:33:09.730Z [INFO]: Fetched 9 products
2025-02-18T16:33:09.734Z [INFO]: Fetched 9 products
2025-02-18T17:11:04.524Z [INFO]: Fetched 9 products
2025-02-18T17:11:04.529Z [INFO]: Fetched 9 products
2025-02-18T17:29:34.929Z [INFO]: Fetched 9 products
2025-02-18T17:29:34.937Z [INFO]: Fetched 9 products
2025-02-19T16:07:15.985Z [INFO]: Server running on port 3000
2025-02-19T16:30:41.004Z [INFO]: Received sign-in request for email: adhithi@gmail.com
2025-02-19T16:30:41.460Z [INFO]: User signed in successfully with email: adhithi@gmail.com
2025-02-19T16:31:35.764Z [INFO]: Received registration request for email: saru@gmail.com
2025-02-19T16:31:35.928Z [INFO]: User registered successfully with email: saru@gmail.com
2025-02-19T16:32:05.689Z [INFO]: Received sign-in request for email: adhithi@gmail.com
2025-02-19T16:32:05.830Z [INFO]: User signed in successfully with email: adhithi@gmail.com
2025-02-19T16:32:08.828Z [INFO]: Fetched 9 products
2025-02-19T16:32:08.835Z [INFO]: Fetched 9 products
2025-02-19T16:32:14.309Z [INFO]: New order request received for user ID: 5
2025-02-19T16:32:14.376Z [INFO]: Order created successfully with ID: 44
2025-02-19T16:32:14.389Z [INFO]: Added product ID 10 to order ID 44
2025-02-19T16:32:14.395Z [INFO]: Added product ID 5 to order ID 44
2025-02-19T16:32:14.399Z [INFO]: Order ID 44 placed successfully
2025-02-19T16:32:27.979Z [INFO]: Received sign-in request for email: ramasamy@gmail.com
2025-02-19T16:32:28.101Z [INFO]: User signed in successfully with email: ramasamy@gmail.com
2025-02-19T16:32:35.334Z [INFO]: Order status updated for orderDetailId: 55 by manufacturerId: 3
2025-02-19T16:37:07.844Z [INFO]: Server running on port 3000
2025-02-19T16:37:21.781Z [INFO]: Received registration request for email: saru@gmail.com
2025-02-19T16:37:22.072Z [WARN]: Email already associated with an account: saru@gmail.com
2025-02-19T16:37:43.280Z [INFO]: Received sign-in request for email: saru@gmail.com
2025-02-19T16:37:43.429Z [INFO]: User signed in successfully with email: saru@gmail.com
2025-02-19T16:42:06.913Z [INFO]: Server running on port 3000
2025-02-19T16:42:20.214Z [INFO]: Received sign-in request for email: ramasamy@gmail.com
2025-02-19T16:42:20.698Z [INFO]: User signed in successfully with email: ramasamy@gmail.com
2025-02-19T16:42:23.619Z [DEBUG]: Checking authentication...
2025-02-19T16:42:23.622Z [DEBUG]: Token decoded: {"id":3,"role":"Manufacturer","iat":1739983340,"exp":1740069740}
2025-02-19T16:42:23.627Z [INFO]: User authenticated: 3 - Manufacturer
2025-02-19T16:42:23.628Z [DEBUG]: Checking manufacturer access...
2025-02-19T16:42:23.629Z [INFO]: Manufacturer access granted: 3
2025-02-19T16:42:23.630Z [DEBUG]: Fetching orders for manufacturer ID: 3
2025-02-19T16:42:23.634Z [DEBUG]: Manufacturer ID: 3 owns products: 1, 2, 3, 4, 5, 11, 4
2025-02-19T16:42:23.648Z [DEBUG]: Checking authentication...
2025-02-19T16:42:23.650Z [DEBUG]: Token decoded: {"id":3,"role":"Manufacturer","iat":1739983340,"exp":1740069740}
2025-02-19T16:42:23.653Z [INFO]: User authenticated: 3 - Manufacturer
2025-02-19T16:42:23.654Z [DEBUG]: Checking manufacturer access...
2025-02-19T16:42:23.655Z [INFO]: Manufacturer access granted: 3
2025-02-19T16:42:23.655Z [DEBUG]: Fetching orders for manufacturer ID: 3
2025-02-19T16:42:23.658Z [DEBUG]: Manufacturer ID: 3 owns products: 1, 2, 3, 4, 5, 11, 4
2025-02-19T16:54:30.707Z [DEBUG]: Checking authentication...
2025-02-19T16:54:30.710Z [DEBUG]: Token decoded: {"id":3,"role":"Manufacturer","iat":1739983340,"exp":1740069740}
2025-02-19T16:54:30.787Z [INFO]: User authenticated: 3 - Manufacturer
2025-02-19T16:54:30.788Z [DEBUG]: Checking manufacturer access...
2025-02-19T16:54:30.789Z [INFO]: Manufacturer access granted: 3
2025-02-19T16:54:30.790Z [DEBUG]: Fetching orders for manufacturer ID: 3
2025-02-19T16:54:30.793Z [DEBUG]: Manufacturer ID: 3 owns products: 1, 2, 3, 4, 5, 11, 4
2025-02-19T16:54:30.808Z [DEBUG]: Checking authentication...
2025-02-19T16:54:30.810Z [DEBUG]: Token decoded: {"id":3,"role":"Manufacturer","iat":1739983340,"exp":1740069740}
2025-02-19T16:54:30.814Z [INFO]: User authenticated: 3 - Manufacturer
2025-02-19T16:54:30.815Z [DEBUG]: Checking manufacturer access...
2025-02-19T16:54:30.815Z [INFO]: Manufacturer access granted: 3
2025-02-19T16:54:30.816Z [DEBUG]: Fetching orders for manufacturer ID: 3
2025-02-19T16:54:30.819Z [DEBUG]: Manufacturer ID: 3 owns products: 1, 2, 3, 4, 5, 11, 4
2025-02-19T18:21:44.591Z [DEBUG]: Checking authentication...
2025-02-19T18:21:44.634Z [DEBUG]: Token decoded: {"id":3,"role":"Manufacturer","iat":1739983340,"exp":1740069740}
2025-02-19T18:21:44.765Z [INFO]: User authenticated: 3 - Manufacturer
2025-02-19T18:21:44.767Z [DEBUG]: Checking manufacturer access...
2025-02-19T18:21:44.768Z [INFO]: Manufacturer access granted: 3
2025-02-19T18:21:44.769Z [DEBUG]: Fetching orders for manufacturer ID: 3
2025-02-19T18:21:44.776Z [DEBUG]: Manufacturer ID: 3 owns products: 1, 2, 3, 4, 5, 11, 4
2025-02-19T18:21:44.805Z [DEBUG]: Checking authentication...
2025-02-19T18:21:44.808Z [DEBUG]: Token decoded: {"id":3,"role":"Manufacturer","iat":1739983340,"exp":1740069740}
2025-02-19T18:21:44.816Z [INFO]: User authenticated: 3 - Manufacturer
2025-02-19T18:21:44.817Z [DEBUG]: Checking manufacturer access...
2025-02-19T18:21:44.817Z [INFO]: Manufacturer access granted: 3
2025-02-19T18:21:44.818Z [DEBUG]: Fetching orders for manufacturer ID: 3
2025-02-19T18:21:44.822Z [DEBUG]: Manufacturer ID: 3 owns products: 1, 2, 3, 4, 5, 11, 4
2025-02-20T11:56:16.825Z [INFO]: Server running on port 3000
2025-02-20T11:57:03.751Z [INFO]: Received sign-in request for email: sriyazhininandakumar30@gmail.com
2025-02-20T11:57:04.370Z [INFO]: User signed in successfully with email: sriyazhininandakumar30@gmail.com
2025-02-20T12:19:27.821Z [DEBUG]: Checking authentication...
2025-02-20T12:19:27.826Z [DEBUG]: Token decoded: {"id":10,"role":"Customer","iat":1740052624,"exp":1740139024}
2025-02-20T12:19:27.890Z [INFO]: User authenticated: 10 - Customer
2025-02-20T12:19:27.891Z [DEBUG]: Checking customer access...
2025-02-20T12:19:27.892Z [INFO]: Customer access granted: 10
2025-02-20T12:19:27.893Z [DEBUG]: Fetching orders for customer ID: 10
2025-02-20T12:19:27.912Z [DEBUG]: Fetched 1 orders for customer ID: 10
2025-02-20T12:19:27.913Z [INFO]: Successfully fetched orders for customer with ID: 10
2025-02-20T12:19:27.920Z [DEBUG]: Checking authentication...
2025-02-20T12:19:27.922Z [DEBUG]: Token decoded: {"id":10,"role":"Customer","iat":1740052624,"exp":1740139024}
2025-02-20T12:19:27.930Z [INFO]: User authenticated: 10 - Customer
2025-02-20T12:19:27.931Z [DEBUG]: Checking customer access...
2025-02-20T12:19:27.932Z [INFO]: Customer access granted: 10
2025-02-20T12:19:27.933Z [DEBUG]: Fetching orders for customer ID: 10
2025-02-20T12:19:27.942Z [DEBUG]: Fetched 1 orders for customer ID: 10
2025-02-20T12:19:27.943Z [INFO]: Successfully fetched orders for customer with ID: 10
2025-02-20T12:19:31.525Z [INFO]: Fetched 9 products
2025-02-20T12:19:31.532Z [INFO]: Fetched 9 products
2025-02-20T12:22:54.985Z [INFO]: Fetched 9 products
2025-02-20T12:22:54.992Z [INFO]: Fetched 9 products
2025-02-20T12:22:57.428Z [DEBUG]: Checking authentication...
2025-02-20T12:22:57.431Z [DEBUG]: Token decoded: {"id":10,"role":"Customer","iat":1740052624,"exp":1740139024}
2025-02-20T12:22:57.439Z [INFO]: User authenticated: 10 - Customer
2025-02-20T12:22:57.440Z [DEBUG]: Checking customer access...
2025-02-20T12:22:57.440Z [INFO]: Customer access granted: 10
2025-02-20T12:22:57.441Z [DEBUG]: Fetching orders for customer ID: 10
2025-02-20T12:22:57.451Z [DEBUG]: Fetched 1 orders for customer ID: 10
2025-02-20T12:22:57.452Z [INFO]: Successfully fetched orders for customer with ID: 10
2025-02-20T12:22:57.456Z [DEBUG]: Checking authentication...
2025-02-20T12:22:57.459Z [DEBUG]: Token decoded: {"id":10,"role":"Customer","iat":1740052624,"exp":1740139024}
2025-02-20T12:22:57.467Z [INFO]: User authenticated: 10 - Customer
2025-02-20T12:22:57.468Z [DEBUG]: Checking customer access...
2025-02-20T12:22:57.469Z [INFO]: Customer access granted: 10
2025-02-20T12:22:57.470Z [DEBUG]: Fetching orders for customer ID: 10
2025-02-20T12:22:57.478Z [DEBUG]: Fetched 1 orders for customer ID: 10
2025-02-20T12:22:57.479Z [INFO]: Successfully fetched orders for customer with ID: 10
2025-02-20T12:23:02.279Z [DEBUG]: Checking authentication...
2025-02-20T12:23:02.281Z [DEBUG]: Token decoded: {"id":10,"role":"Customer","iat":1740052624,"exp":1740139024}
2025-02-20T12:23:02.288Z [INFO]: User authenticated: 10 - Customer
2025-02-20T12:23:02.289Z [DEBUG]: Checking customer access...
2025-02-20T12:23:02.289Z [INFO]: Customer access granted: 10
2025-02-20T12:23:02.290Z [DEBUG]: Fetching orders for customer ID: 10
2025-02-20T12:23:02.297Z [DEBUG]: Fetched 1 orders for customer ID: 10
2025-02-20T12:23:02.297Z [INFO]: Successfully fetched orders for customer with ID: 10
2025-02-20T12:23:02.300Z [DEBUG]: Checking authentication...
2025-02-20T12:23:02.302Z [DEBUG]: Token decoded: {"id":10,"role":"Customer","iat":1740052624,"exp":1740139024}
2025-02-20T12:23:02.307Z [INFO]: User authenticated: 10 - Customer
2025-02-20T12:23:02.308Z [DEBUG]: Checking customer access...
2025-02-20T12:23:02.308Z [INFO]: Customer access granted: 10
2025-02-20T12:23:02.309Z [DEBUG]: Fetching orders for customer ID: 10
2025-02-20T12:23:02.315Z [DEBUG]: Fetched 1 orders for customer ID: 10
2025-02-20T12:23:02.316Z [INFO]: Successfully fetched orders for customer with ID: 10
2025-02-20T12:24:32.936Z [DEBUG]: Checking authentication...
2025-02-20T12:24:32.939Z [DEBUG]: Token decoded: {"id":10,"role":"Customer","iat":1740052624,"exp":1740139024}
2025-02-20T12:24:33.087Z [INFO]: User authenticated: 10 - Customer
2025-02-20T12:24:33.088Z [DEBUG]: Checking customer access...
2025-02-20T12:24:33.089Z [INFO]: Customer access granted: 10
2025-02-20T12:24:33.090Z [DEBUG]: Fetching orders for customer ID: 10
2025-02-20T12:24:33.102Z [DEBUG]: Fetched 1 orders for customer ID: 10
2025-02-20T12:24:33.103Z [INFO]: Successfully fetched orders for customer with ID: 10
2025-02-20T12:24:33.107Z [DEBUG]: Checking authentication...
2025-02-20T12:24:33.110Z [DEBUG]: Token decoded: {"id":10,"role":"Customer","iat":1740052624,"exp":1740139024}
2025-02-20T12:24:33.115Z [INFO]: User authenticated: 10 - Customer
2025-02-20T12:24:33.116Z [DEBUG]: Checking customer access...
2025-02-20T12:24:33.116Z [INFO]: Customer access granted: 10
2025-02-20T12:24:33.116Z [DEBUG]: Fetching orders for customer ID: 10
2025-02-20T12:24:33.121Z [DEBUG]: Fetched 1 orders for customer ID: 10
2025-02-20T12:24:33.122Z [INFO]: Successfully fetched orders for customer with ID: 10
2025-02-20T12:28:11.503Z [DEBUG]: Checking authentication...
2025-02-20T12:28:11.505Z [DEBUG]: Token decoded: {"id":10,"role":"Customer","iat":1740052624,"exp":1740139024}
2025-02-20T12:28:11.604Z [INFO]: User authenticated: 10 - Customer
2025-02-20T12:28:11.605Z [DEBUG]: Checking customer access...
2025-02-20T12:28:11.605Z [INFO]: Customer access granted: 10
2025-02-20T12:28:11.606Z [DEBUG]: Fetching orders for customer ID: 10
2025-02-20T12:28:11.612Z [DEBUG]: Fetched 1 orders for customer ID: 10
2025-02-20T12:28:11.613Z [INFO]: Successfully fetched orders for customer with ID: 10
2025-02-20T12:28:14.504Z [DEBUG]: Checking authentication...
2025-02-20T12:28:14.507Z [DEBUG]: Token decoded: {"id":10,"role":"Customer","iat":1740052624,"exp":1740139024}
2025-02-20T12:28:14.510Z [INFO]: User authenticated: 10 - Customer
2025-02-20T12:28:14.511Z [DEBUG]: Checking customer access...
2025-02-20T12:28:14.511Z [INFO]: Customer access granted: 10
2025-02-20T12:28:14.511Z [DEBUG]: Fetching orders for customer ID: 10
2025-02-20T12:28:14.515Z [DEBUG]: Fetched 1 orders for customer ID: 10
2025-02-20T12:28:14.516Z [INFO]: Successfully fetched orders for customer with ID: 10
2025-02-20T12:28:14.519Z [DEBUG]: Checking authentication...
2025-02-20T12:28:14.520Z [DEBUG]: Token decoded: {"id":10,"role":"Customer","iat":1740052624,"exp":1740139024}
2025-02-20T12:28:14.525Z [INFO]: User authenticated: 10 - Customer
2025-02-20T12:28:14.525Z [DEBUG]: Checking customer access...
2025-02-20T12:28:14.526Z [INFO]: Customer access granted: 10
2025-02-20T12:28:14.526Z [DEBUG]: Fetching orders for customer ID: 10
2025-02-20T12:28:14.531Z [DEBUG]: Fetched 1 orders for customer ID: 10
2025-02-20T12:28:14.531Z [INFO]: Successfully fetched orders for customer with ID: 10
2025-02-20T12:28:15.482Z [DEBUG]: Checking authentication...
2025-02-20T12:28:15.484Z [DEBUG]: Token decoded: {"id":10,"role":"Customer","iat":1740052624,"exp":1740139024}
2025-02-20T12:28:15.487Z [INFO]: User authenticated: 10 - Customer
2025-02-20T12:28:15.487Z [DEBUG]: Checking customer access...
2025-02-20T12:28:15.487Z [INFO]: Customer access granted: 10
2025-02-20T12:28:15.488Z [DEBUG]: Fetching orders for customer ID: 10
2025-02-20T12:28:15.491Z [DEBUG]: Fetched 1 orders for customer ID: 10
2025-02-20T12:28:15.492Z [INFO]: Successfully fetched orders for customer with ID: 10
2025-02-20T12:28:15.495Z [DEBUG]: Checking authentication...
2025-02-20T12:28:15.498Z [DEBUG]: Token decoded: {"id":10,"role":"Customer","iat":1740052624,"exp":1740139024}
2025-02-20T12:28:15.504Z [INFO]: User authenticated: 10 - Customer
2025-02-20T12:28:15.504Z [DEBUG]: Checking customer access...
2025-02-20T12:28:15.505Z [INFO]: Customer access granted: 10
2025-02-20T12:28:15.505Z [DEBUG]: Fetching orders for customer ID: 10
2025-02-20T12:28:15.509Z [DEBUG]: Fetched 1 orders for customer ID: 10
2025-02-20T12:28:15.510Z [INFO]: Successfully fetched orders for customer with ID: 10
2025-02-20T12:28:15.696Z [DEBUG]: Checking authentication...
2025-02-20T12:28:15.698Z [DEBUG]: Token decoded: {"id":10,"role":"Customer","iat":1740052624,"exp":1740139024}
2025-02-20T12:28:15.701Z [INFO]: User authenticated: 10 - Customer
2025-02-20T12:28:15.702Z [DEBUG]: Checking customer access...
2025-02-20T12:28:15.702Z [INFO]: Customer access granted: 10
2025-02-20T12:28:15.703Z [DEBUG]: Fetching orders for customer ID: 10
2025-02-20T12:28:15.706Z [DEBUG]: Fetched 1 orders for customer ID: 10
2025-02-20T12:28:15.707Z [INFO]: Successfully fetched orders for customer with ID: 10
2025-02-20T12:28:15.709Z [DEBUG]: Checking authentication...
2025-02-20T12:28:15.711Z [DEBUG]: Token decoded: {"id":10,"role":"Customer","iat":1740052624,"exp":1740139024}
2025-02-20T12:28:15.715Z [INFO]: User authenticated: 10 - Customer
2025-02-20T12:28:15.716Z [DEBUG]: Checking customer access...
2025-02-20T12:28:15.716Z [INFO]: Customer access granted: 10
2025-02-20T12:28:15.717Z [DEBUG]: Fetching orders for customer ID: 10
2025-02-20T12:28:15.722Z [DEBUG]: Fetched 1 orders for customer ID: 10
2025-02-20T12:28:15.723Z [INFO]: Successfully fetched orders for customer with ID: 10
2025-02-20T12:28:50.299Z [DEBUG]: Checking authentication...
2025-02-20T12:28:50.302Z [DEBUG]: Token decoded: {"id":10,"role":"Customer","iat":1740052624,"exp":1740139024}
2025-02-20T12:28:50.347Z [INFO]: User authenticated: 10 - Customer
2025-02-20T12:28:50.347Z [DEBUG]: Checking customer access...
2025-02-20T12:28:50.348Z [INFO]: Customer access granted: 10
2025-02-20T12:28:50.348Z [DEBUG]: Fetching orders for customer ID: 10
2025-02-20T12:28:50.355Z [DEBUG]: Fetched 1 orders for customer ID: 10
2025-02-20T12:28:50.356Z [INFO]: Successfully fetched orders for customer with ID: 10
2025-02-20T12:28:50.359Z [DEBUG]: Checking authentication...
2025-02-20T12:28:50.360Z [DEBUG]: Token decoded: {"id":10,"role":"Customer","iat":1740052624,"exp":1740139024}
2025-02-20T12:28:50.363Z [INFO]: User authenticated: 10 - Customer
2025-02-20T12:28:50.364Z [DEBUG]: Checking customer access...
2025-02-20T12:28:50.364Z [INFO]: Customer access granted: 10
2025-02-20T12:28:50.364Z [DEBUG]: Fetching orders for customer ID: 10
2025-02-20T12:28:50.368Z [DEBUG]: Fetched 1 orders for customer ID: 10
2025-02-20T12:28:50.369Z [INFO]: Successfully fetched orders for customer with ID: 10
2025-02-20T12:28:50.495Z [DEBUG]: Checking authentication...
2025-02-20T12:28:50.497Z [DEBUG]: Token decoded: {"id":10,"role":"Customer","iat":1740052624,"exp":1740139024}
2025-02-20T12:28:50.502Z [INFO]: User authenticated: 10 - Customer
2025-02-20T12:28:50.503Z [DEBUG]: Checking customer access...
2025-02-20T12:28:50.503Z [INFO]: Customer access granted: 10
2025-02-20T12:28:50.504Z [DEBUG]: Fetching orders for customer ID: 10
2025-02-20T12:28:50.507Z [DEBUG]: Fetched 1 orders for customer ID: 10
2025-02-20T12:28:50.507Z [INFO]: Successfully fetched orders for customer with ID: 10
2025-02-20T12:28:50.509Z [DEBUG]: Checking authentication...
2025-02-20T12:28:50.511Z [DEBUG]: Token decoded: {"id":10,"role":"Customer","iat":1740052624,"exp":1740139024}
2025-02-20T12:28:50.514Z [INFO]: User authenticated: 10 - Customer
2025-02-20T12:28:50.514Z [DEBUG]: Checking customer access...
2025-02-20T12:28:50.514Z [INFO]: Customer access granted: 10
2025-02-20T12:28:50.515Z [DEBUG]: Fetching orders for customer ID: 10
2025-02-20T12:28:50.519Z [DEBUG]: Fetched 1 orders for customer ID: 10
2025-02-20T12:28:50.520Z [INFO]: Successfully fetched orders for customer with ID: 10
2025-02-20T12:28:50.733Z [DEBUG]: Checking authentication...
2025-02-20T12:28:50.735Z [DEBUG]: Token decoded: {"id":10,"role":"Customer","iat":1740052624,"exp":1740139024}
2025-02-20T12:28:50.739Z [INFO]: User authenticated: 10 - Customer
2025-02-20T12:28:50.739Z [DEBUG]: Checking customer access...
2025-02-20T12:28:50.740Z [INFO]: Customer access granted: 10
2025-02-20T12:28:50.740Z [DEBUG]: Fetching orders for customer ID: 10
2025-02-20T12:28:50.743Z [DEBUG]: Fetched 1 orders for customer ID: 10
2025-02-20T12:28:50.743Z [INFO]: Successfully fetched orders for customer with ID: 10
2025-02-20T12:28:50.745Z [DEBUG]: Checking authentication...
2025-02-20T12:28:50.747Z [DEBUG]: Token decoded: {"id":10,"role":"Customer","iat":1740052624,"exp":1740139024}
2025-02-20T12:28:50.751Z [INFO]: User authenticated: 10 - Customer
2025-02-20T12:28:50.752Z [DEBUG]: Checking customer access...
2025-02-20T12:28:50.752Z [INFO]: Customer access granted: 10
2025-02-20T12:28:50.752Z [DEBUG]: Fetching orders for customer ID: 10
2025-02-20T12:28:50.757Z [DEBUG]: Fetched 1 orders for customer ID: 10
2025-02-20T12:28:50.757Z [INFO]: Successfully fetched orders for customer with ID: 10
2025-02-20T12:28:52.186Z [DEBUG]: Checking authentication...
2025-02-20T12:28:52.188Z [DEBUG]: Token decoded: {"id":10,"role":"Customer","iat":1740052624,"exp":1740139024}
2025-02-20T12:28:52.191Z [INFO]: User authenticated: 10 - Customer
2025-02-20T12:28:52.191Z [DEBUG]: Checking customer access...
2025-02-20T12:28:52.192Z [INFO]: Customer access granted: 10
2025-02-20T12:28:52.192Z [DEBUG]: Fetching orders for customer ID: 10
2025-02-20T12:28:52.195Z [DEBUG]: Fetched 1 orders for customer ID: 10
2025-02-20T12:28:52.195Z [INFO]: Successfully fetched orders for customer with ID: 10
2025-02-20T12:28:52.197Z [DEBUG]: Checking authentication...
2025-02-20T12:28:52.199Z [DEBUG]: Token decoded: {"id":10,"role":"Customer","iat":1740052624,"exp":1740139024}
2025-02-20T12:28:52.203Z [INFO]: User authenticated: 10 - Customer
2025-02-20T12:28:52.204Z [DEBUG]: Checking customer access...
2025-02-20T12:28:52.205Z [INFO]: Customer access granted: 10
2025-02-20T12:28:52.205Z [DEBUG]: Fetching orders for customer ID: 10
2025-02-20T12:28:52.209Z [DEBUG]: Fetched 1 orders for customer ID: 10
2025-02-20T12:28:52.210Z [INFO]: Successfully fetched orders for customer with ID: 10
2025-02-20T12:31:54.461Z [INFO]: Server running on port 3000
2025-02-20T12:31:57.655Z [DEBUG]: Checking authentication...
2025-02-20T12:31:57.659Z [DEBUG]: Token decoded: {"id":10,"role":"Customer","iat":1740052624,"exp":1740139024}
2025-02-20T12:31:57.929Z [INFO]: User authenticated: 10 - Customer
2025-02-20T12:31:57.930Z [DEBUG]: Checking customer access...
2025-02-20T12:31:57.931Z [INFO]: Customer access granted: 10
2025-02-20T12:31:57.932Z [DEBUG]: Fetching orders for customer ID: 10
2025-02-20T12:31:57.943Z [DEBUG]: Fetched 1 orders for customer ID: 10
2025-02-20T12:31:57.943Z [INFO]: Successfully fetched orders for customer with ID: 10
2025-02-20T12:31:57.948Z [DEBUG]: Checking authentication...
2025-02-20T12:31:57.951Z [DEBUG]: Token decoded: {"id":10,"role":"Customer","iat":1740052624,"exp":1740139024}
2025-02-20T12:31:57.954Z [INFO]: User authenticated: 10 - Customer
2025-02-20T12:31:57.954Z [DEBUG]: Checking customer access...
2025-02-20T12:31:57.955Z [INFO]: Customer access granted: 10
2025-02-20T12:31:57.955Z [DEBUG]: Fetching orders for customer ID: 10
2025-02-20T12:31:57.959Z [DEBUG]: Fetched 1 orders for customer ID: 10
2025-02-20T12:31:57.959Z [INFO]: Successfully fetched orders for customer with ID: 10
2025-02-20T12:31:58.221Z [DEBUG]: Checking authentication...
2025-02-20T12:31:58.224Z [DEBUG]: Token decoded: {"id":10,"role":"Customer","iat":1740052624,"exp":1740139024}
2025-02-20T12:31:58.228Z [INFO]: User authenticated: 10 - Customer
2025-02-20T12:31:58.229Z [DEBUG]: Checking customer access...
2025-02-20T12:31:58.229Z [INFO]: Customer access granted: 10
2025-02-20T12:31:58.230Z [DEBUG]: Fetching orders for customer ID: 10
2025-02-20T12:31:58.235Z [DEBUG]: Fetched 1 orders for customer ID: 10
2025-02-20T12:31:58.236Z [INFO]: Successfully fetched orders for customer with ID: 10
2025-02-20T12:31:58.238Z [DEBUG]: Checking authentication...
2025-02-20T12:31:58.240Z [DEBUG]: Token decoded: {"id":10,"role":"Customer","iat":1740052624,"exp":1740139024}
2025-02-20T12:31:58.246Z [INFO]: User authenticated: 10 - Customer
2025-02-20T12:31:58.246Z [DEBUG]: Checking customer access...
2025-02-20T12:31:58.247Z [INFO]: Customer access granted: 10
2025-02-20T12:31:58.247Z [DEBUG]: Fetching orders for customer ID: 10
2025-02-20T12:31:58.251Z [DEBUG]: Fetched 1 orders for customer ID: 10
2025-02-20T12:31:58.251Z [INFO]: Successfully fetched orders for customer with ID: 10
2025-02-20T12:32:02.316Z [INFO]: Fetched 9 products
2025-02-20T12:32:02.321Z [INFO]: Fetched 9 products
2025-02-20T12:32:13.270Z [DEBUG]: Received order request: User ID = 10, Cart Items = [{"productId":10,"quantity":2}]
2025-02-20T12:32:13.271Z [INFO]: New order request received for user ID: 10
2025-02-20T12:32:13.354Z [INFO]: Order created successfully with ID: 45
2025-02-20T12:32:13.368Z [INFO]: Added product ID 10 to order ID 45
2025-02-20T12:32:13.373Z [INFO]: Order ID 45 placed successfully
2025-02-20T12:32:14.720Z [DEBUG]: Checking authentication...
2025-02-20T12:32:14.723Z [DEBUG]: Token decoded: {"id":10,"role":"Customer","iat":1740052624,"exp":1740139024}
2025-02-20T12:32:14.732Z [INFO]: User authenticated: 10 - Customer
2025-02-20T12:32:14.733Z [DEBUG]: Checking customer access...
2025-02-20T12:32:14.733Z [INFO]: Customer access granted: 10
2025-02-20T12:32:14.733Z [DEBUG]: Fetching orders for customer ID: 10
2025-02-20T12:32:14.744Z [DEBUG]: Fetched 2 orders for customer ID: 10
2025-02-20T12:32:14.745Z [INFO]: Successfully fetched orders for customer with ID: 10
2025-02-20T12:32:14.749Z [DEBUG]: Checking authentication...
2025-02-20T12:32:14.752Z [DEBUG]: Token decoded: {"id":10,"role":"Customer","iat":1740052624,"exp":1740139024}
2025-02-20T12:32:14.759Z [INFO]: User authenticated: 10 - Customer
2025-02-20T12:32:14.760Z [DEBUG]: Checking customer access...
2025-02-20T12:32:14.761Z [INFO]: Customer access granted: 10
2025-02-20T12:32:14.761Z [DEBUG]: Fetching orders for customer ID: 10
2025-02-20T12:32:14.769Z [DEBUG]: Fetched 2 orders for customer ID: 10
2025-02-20T12:32:14.769Z [INFO]: Successfully fetched orders for customer with ID: 10
2025-02-20T12:32:18.259Z [INFO]: Fetched 9 products
2025-02-20T12:32:18.266Z [INFO]: Fetched 9 products
2025-02-21T11:18:44.029Z [INFO]: Server running on port 3000
2025-02-21T11:19:04.776Z [INFO]: Received sign-in request for email: sriyazhininandakumar30@gmail.com
2025-02-21T11:19:05.204Z [INFO]: User signed in successfully with email: sriyazhininandakumar30@gmail.com
2025-02-21T11:19:08.684Z [INFO]: Fetched 2 products
2025-02-21T11:19:08.689Z [INFO]: Fetched 2 products
2025-02-21T11:19:12.432Z [DEBUG]: Checking authentication...
2025-02-21T11:19:12.435Z [DEBUG]: Token decoded: {"id":7,"role":"Customer","iat":1740136745,"exp":1740223145}
2025-02-21T11:19:12.440Z [INFO]: User authenticated: 7 - Customer
2025-02-21T11:19:12.441Z [DEBUG]: Checking customer access...
2025-02-21T11:19:12.442Z [INFO]: Customer access granted: 7
2025-02-21T11:19:12.443Z [DEBUG]: Fetching orders for customer ID: 7
2025-02-21T11:19:12.454Z [INFO]: No orders found for customer with ID: 7
2025-02-21T11:19:12.456Z [DEBUG]: Checking authentication...
2025-02-21T11:19:12.459Z [DEBUG]: Token decoded: {"id":7,"role":"Customer","iat":1740136745,"exp":1740223145}
2025-02-21T11:19:12.463Z [INFO]: User authenticated: 7 - Customer
2025-02-21T11:19:12.464Z [DEBUG]: Checking customer access...
2025-02-21T11:19:12.464Z [INFO]: Customer access granted: 7
2025-02-21T11:19:12.465Z [DEBUG]: Fetching orders for customer ID: 7
2025-02-21T11:19:12.469Z [INFO]: No orders found for customer with ID: 7
2025-02-21T11:19:22.536Z [INFO]: Received sign-in request for email: sriyazhininandakumar30@gmail.com
2025-02-21T11:19:22.624Z [INFO]: User signed in successfully with email: sriyazhininandakumar30@gmail.com
2025-02-21T11:19:25.427Z [INFO]: Fetched 2 products
2025-02-21T11:19:25.432Z [INFO]: Fetched 2 products
2025-02-21T11:24:56.175Z [DEBUG]: Checking authentication...
2025-02-21T11:24:56.177Z [DEBUG]: Token decoded: {"id":7,"role":"Customer","iat":1740136762,"exp":1740223162}
2025-02-21T11:24:56.247Z [INFO]: User authenticated: 7 - Customer
2025-02-21T11:24:56.247Z [DEBUG]: Checking customer access...
2025-02-21T11:24:56.248Z [INFO]: Customer access granted: 7
2025-02-21T11:24:56.248Z [DEBUG]: Fetching orders for customer ID: 7
2025-02-21T11:24:56.256Z [INFO]: No orders found for customer with ID: 7
2025-02-21T11:24:56.258Z [DEBUG]: Checking authentication...
2025-02-21T11:24:56.260Z [DEBUG]: Token decoded: {"id":7,"role":"Customer","iat":1740136762,"exp":1740223162}
2025-02-21T11:24:56.263Z [INFO]: User authenticated: 7 - Customer
2025-02-21T11:24:56.264Z [DEBUG]: Checking customer access...
2025-02-21T11:24:56.264Z [INFO]: Customer access granted: 7
2025-02-21T11:24:56.265Z [DEBUG]: Fetching orders for customer ID: 7
2025-02-21T11:24:56.268Z [INFO]: No orders found for customer with ID: 7
2025-02-21T11:25:05.851Z [INFO]: Fetched 2 products
2025-02-21T11:25:05.856Z [INFO]: Fetched 2 products
2025-02-21T11:25:11.388Z [DEBUG]: Received order request: User ID = 7, Cart Items = [{"productId":3,"quantity":1},{"productId":4,"quantity":1}]
2025-02-21T11:25:11.390Z [INFO]: New order request received for user ID: 7
2025-02-21T11:25:11.445Z [INFO]: Order created successfully with ID: 1
2025-02-21T11:25:11.453Z [INFO]: Added product ID 3 to order ID 1
2025-02-21T11:25:11.457Z [INFO]: Added product ID 4 to order ID 1
2025-02-21T11:25:11.460Z [INFO]: Order ID 1 placed successfully
2025-02-21T11:25:13.819Z [DEBUG]: Checking authentication...
2025-02-21T11:25:13.821Z [DEBUG]: Token decoded: {"id":7,"role":"Customer","iat":1740136762,"exp":1740223162}
2025-02-21T11:25:13.827Z [INFO]: User authenticated: 7 - Customer
2025-02-21T11:25:13.827Z [DEBUG]: Checking customer access...
2025-02-21T11:25:13.828Z [INFO]: Customer access granted: 7
2025-02-21T11:25:13.828Z [DEBUG]: Fetching orders for customer ID: 7
2025-02-21T11:25:13.834Z [DEBUG]: Fetched 1 orders for customer ID: 7
2025-02-21T11:25:13.836Z [INFO]: Successfully fetched orders for customer with ID: 7
2025-02-21T11:25:13.839Z [DEBUG]: Checking authentication...
2025-02-21T11:25:13.840Z [DEBUG]: Token decoded: {"id":7,"role":"Customer","iat":1740136762,"exp":1740223162}
2025-02-21T11:25:13.844Z [INFO]: User authenticated: 7 - Customer
2025-02-21T11:25:13.845Z [DEBUG]: Checking customer access...
2025-02-21T11:25:13.845Z [INFO]: Customer access granted: 7
2025-02-21T11:25:13.846Z [DEBUG]: Fetching orders for customer ID: 7
2025-02-21T11:25:13.850Z [DEBUG]: Fetched 1 orders for customer ID: 7
2025-02-21T11:25:13.850Z [INFO]: Successfully fetched orders for customer with ID: 7
2025-02-21T11:25:25.735Z [INFO]: Fetched 2 products
2025-02-21T11:25:25.740Z [INFO]: Fetched 2 products
2025-02-21T13:14:27.464Z [ERROR]: Error fetching products:
2025-02-21T13:16:32.223Z [ERROR]: Error fetching products:
2025-02-21T13:21:29.618Z [ERROR]: Error fetching products:
2025-02-21T13:25:09.082Z [INFO]: Fetched 0 products
2025-02-21T13:26:31.212Z [INFO]: Fetched 0 products
2025-02-21T13:27:10.459Z [INFO]: Fetched 0 products
2025-02-21T13:33:56.713Z [ERROR]: Error fetching products:
2025-02-21T13:35:14.989Z [INFO]: Fetched 0 products
2025-02-21T13:36:39.870Z [INFO]: Received registration request for email: alice@gmail.com
2025-02-21T13:36:39.956Z [INFO]: User registered successfully with email: alice@gmail.com
2025-02-21T13:36:39.965Z [INFO]: Received registration request for email: smrithi@gmail.com
2025-02-21T13:36:39.968Z [WARN]: Email already associated with an account: smrithi@gmail.com
2025-02-21T13:36:39.976Z [INFO]: Received sign-in request for email: smrithi@gmail.com
2025-02-21T13:36:40.071Z [INFO]: User signed in successfully with email: smrithi@gmail.com
2025-02-21T13:36:40.076Z [INFO]: Received sign-in request for email: smrithi@gmail.com
2025-02-21T13:36:40.151Z [WARN]: Incorrect password for email: smrithi@gmail.com
2025-02-21T13:40:38.854Z [INFO]: Received registration request for email: alice@gmail.com
2025-02-21T13:40:38.943Z [INFO]: User registered successfully with email: alice@gmail.com
2025-02-21T13:40:38.954Z [INFO]: Received registration request for email: smrithi@gmail.com
2025-02-21T13:40:38.956Z [WARN]: Email already associated with an account: smrithi@gmail.com
2025-02-21T13:40:38.962Z [INFO]: Received sign-in request for email: smrithi@gmail.com
2025-02-21T13:40:39.066Z [INFO]: User signed in successfully with email: smrithi@gmail.com
2025-02-21T13:40:39.074Z [INFO]: Received sign-in request for email: smrithi@gmail.com
2025-02-21T13:40:39.152Z [WARN]: Incorrect password for email: smrithi@gmail.com
2025-02-21T13:47:23.504Z [DEBUG]: Checking admin access...
2025-02-21T13:47:23.509Z [DEBUG]: Token decoded: {"id":1,"role":"Admin","iat":1740145643,"exp":1740232043}
2025-02-21T13:47:23.518Z [INFO]: Admin access granted: 1
2025-02-21T13:47:23.523Z [INFO]: Product created successfully: ID 1, Name: Test Product
2025-02-21T13:47:23.538Z [DEBUG]: Checking admin access...
2025-02-21T13:47:23.540Z [DEBUG]: Token decoded: {"id":2,"role":"Customer","iat":1740145643,"exp":1740232043}
2025-02-21T13:47:23.544Z [WARN]: Access denied: User 2 is not an Admin
2025-02-21T13:47:23.550Z [DEBUG]: Checking admin access...
2025-02-21T13:47:23.552Z [DEBUG]: Token decoded: {"id":1,"role":"Admin","iat":1740145643,"exp":1740232043}
2025-02-21T13:47:23.555Z [INFO]: Admin access granted: 1
2025-02-21T13:47:23.556Z [WARN]: Invalid product input: Missing name or invalid price
2025-02-21T13:47:23.563Z [INFO]: Fetched 1 products
2025-02-21T13:47:23.569Z [DEBUG]: Checking admin access...
2025-02-21T13:47:23.571Z [DEBUG]: Token decoded: {"id":1,"role":"Admin","iat":1740145643,"exp":1740232043}
2025-02-21T13:47:23.574Z [INFO]: Admin access granted: 1
2025-02-21T13:47:23.580Z [INFO]: Product updated: ID 1, Name: Updated Product
2025-02-21T13:47:23.586Z [DEBUG]: Checking admin access...
2025-02-21T13:47:23.589Z [DEBUG]: Token decoded: {"id":2,"role":"Customer","iat":1740145643,"exp":1740232043}
2025-02-21T13:47:23.592Z [WARN]: Access denied: User 2 is not an Admin
2025-02-21T13:47:23.598Z [DEBUG]: Checking admin access...
2025-02-21T13:47:23.600Z [DEBUG]: Token decoded: {"id":1,"role":"Admin","iat":1740145643,"exp":1740232043}
2025-02-21T13:47:23.603Z [INFO]: Admin access granted: 1
2025-02-21T13:47:23.605Z [WARN]: Product not found: ID 99999
2025-02-21T13:47:23.610Z [DEBUG]: Checking admin access...
2025-02-21T13:47:23.613Z [DEBUG]: Token decoded: {"id":1,"role":"Admin","iat":1740145643,"exp":1740232043}
2025-02-21T13:47:23.616Z [INFO]: Admin access granted: 1
2025-02-21T13:47:23.621Z [INFO]: Product deleted: ID 1, Name: Updated Product
2025-02-21T13:47:23.626Z [DEBUG]: Checking admin access...
2025-02-21T13:47:23.628Z [DEBUG]: Token decoded: {"id":2,"role":"Customer","iat":1740145643,"exp":1740232043}
2025-02-21T13:47:23.631Z [WARN]: Access denied: User 2 is not an Admin
2025-02-21T13:47:23.637Z [DEBUG]: Checking admin access...
2025-02-21T13:47:23.638Z [DEBUG]: Token decoded: {"id":1,"role":"Admin","iat":1740145643,"exp":1740232043}
2025-02-21T13:47:23.641Z [INFO]: Admin access granted: 1
2025-02-21T13:47:23.643Z [WARN]: Product not found: ID 99999
2025-02-21T14:13:11.692Z [DEBUG]: Received order request: User ID = 1, Cart Items = [{"productId":1,"quantity":2}]
2025-02-21T14:13:11.695Z [INFO]: New order request received for user ID: 1
2025-02-21T14:13:11.742Z [INFO]: Order created successfully with ID: 1
2025-02-21T14:13:11.748Z [INFO]: Added product ID 1 to order ID 1
2025-02-21T14:13:11.751Z [INFO]: Order ID 1 placed successfully
2025-02-21T14:14:12.672Z [DEBUG]: Received order request: User ID = 1, Cart Items = [{"productId":1,"quantity":2}]
2025-02-21T14:14:12.675Z [INFO]: New order request received for user ID: 1
2025-02-21T14:14:12.717Z [INFO]: Order created successfully with ID: 1
2025-02-21T14:14:12.724Z [INFO]: Added product ID 1 to order ID 1
2025-02-21T14:14:12.726Z [INFO]: Order ID 1 placed successfully
2025-02-21T14:14:12.737Z [DEBUG]: Received order request: User ID = 1, Cart Items = undefined
2025-02-21T14:14:12.739Z [INFO]: New order request received for user ID: 1
2025-02-21T14:14:12.742Z [INFO]: Order created successfully with ID: 2
2025-02-21T14:14:12.748Z [ERROR]: Error placing order: cartItems is not iterable
2025-02-21T14:15:54.650Z [DEBUG]: Received order request: User ID = 1, Cart Items = [{"productId":1,"quantity":2}]
2025-02-21T14:15:54.653Z [INFO]: New order request received for user ID: 1
2025-02-21T14:15:54.694Z [INFO]: Order created successfully with ID: 1
2025-02-21T14:15:54.700Z [INFO]: Added product ID 1 to order ID 1
2025-02-21T14:15:54.703Z [INFO]: Order ID 1 placed successfully
2025-02-21T14:15:54.715Z [DEBUG]: Received order request: User ID = 1, Cart Items = undefined
2025-02-21T14:15:54.716Z [INFO]: New order request received for user ID: 1
2025-02-21T14:15:54.719Z [INFO]: Order created successfully with ID: 2
2025-02-21T14:15:54.725Z [ERROR]: Error placing order: cartItems is not iterable
2025-02-21T14:25:01.501Z [DEBUG]: Checking authentication...
2025-02-21T14:25:01.506Z [DEBUG]: Token decoded: {"id":1,"roleId":2,"iat":1740147901,"exp":1740151501}
2025-02-21T14:25:01.515Z [INFO]: User authenticated: 1 - Customer
2025-02-21T14:25:01.516Z [DEBUG]: Checking customer access...
2025-02-21T14:25:01.517Z [INFO]: Customer access granted: 1
2025-02-21T14:25:01.518Z [DEBUG]: Fetching orders for customer ID: 1
2025-02-21T14:25:01.525Z [DEBUG]: Fetched 1 orders for customer ID: 1
2025-02-21T14:25:01.526Z [INFO]: Successfully fetched orders for customer with ID: 1
2025-02-21T14:25:01.537Z [DEBUG]: Checking authentication...
2025-02-21T14:25:01.546Z [DEBUG]: Checking authentication...
2025-02-21T14:25:01.548Z [DEBUG]: Token decoded: {"id":2,"roleId":2,"iat":1740147901,"exp":1740151501}
2025-02-21T14:25:01.551Z [INFO]: User authenticated: 2 - Customer
2025-02-21T14:25:01.552Z [DEBUG]: Checking customer access...
2025-02-21T14:25:01.553Z [INFO]: Customer access granted: 2
2025-02-21T14:25:01.553Z [DEBUG]: Fetching orders for customer ID: 2
2025-02-21T14:25:01.556Z [INFO]: No orders found for customer with ID: 2
2025-02-21T14:40:59.457Z [INFO]: Server running on port 3000
2025-02-21T14:41:04.359Z [ERROR]: Error fetching products:
2025-02-21T14:41:48.014Z [INFO]: Received registration request for email: suresh@gmail.com
2025-02-21T14:41:48.062Z [WARN]: Invalid roleId selected: 1
2025-02-21T14:41:58.311Z [INFO]: Received registration request for email: suresh@gmail.com
2025-02-21T14:41:58.350Z [WARN]: Invalid roleId selected: 1
2025-02-21T14:42:46.754Z [INFO]: Received registration request for email: suresh@gmail.com
2025-02-21T14:42:46.799Z [WARN]: Invalid roleId selected: 1
2025-02-21T14:44:32.576Z [ERROR]: Error fetching products:
2025-02-21T14:53:39.982Z [DEBUG]: Checking authentication...
2025-02-21T14:53:39.985Z [ERROR]: Authentication error: jwt malformed
2025-02-21T14:53:40.010Z [DEBUG]: Checking authentication...
2025-02-21T14:53:40.012Z [ERROR]: Authentication error: jwt malformed
2025-02-21T14:56:32.509Z [DEBUG]: Checking authentication...
2025-02-21T14:56:32.511Z [ERROR]: Authentication error: jwt malformed
2025-02-21T14:56:32.525Z [DEBUG]: Checking authentication...
2025-02-21T14:56:32.526Z [ERROR]: Authentication error: jwt malformed
2025-02-21T14:58:46.813Z [DEBUG]: Checking authentication...
2025-02-21T14:58:46.816Z [ERROR]: Authentication error: jwt malformed
2025-02-21T14:58:46.833Z [DEBUG]: Checking authentication...
2025-02-21T14:58:46.836Z [ERROR]: Authentication error: jwt malformed
2025-02-21T15:02:05.673Z [DEBUG]: Checking authentication...
2025-02-21T15:02:05.676Z [ERROR]: Authentication error: jwt malformed
2025-02-21T15:02:05.693Z [DEBUG]: Checking authentication...
2025-02-21T15:02:05.694Z [ERROR]: Authentication error: jwt malformed
2025-02-21T15:03:06.877Z [DEBUG]: Checking authentication...
2025-02-21T15:03:06.881Z [ERROR]: Authentication error: jwt malformed
2025-02-21T15:03:06.896Z [DEBUG]: Checking authentication...
2025-02-21T15:03:06.897Z [ERROR]: Authentication error: jwt malformed
2025-02-21T15:03:29.418Z [DEBUG]: Checking authentication...
2025-02-21T15:03:29.421Z [ERROR]: Authentication error: jwt malformed
2025-02-21T15:03:29.435Z [DEBUG]: Checking authentication...
2025-02-21T15:03:29.436Z [ERROR]: Authentication error: jwt malformed
2025-02-21T15:03:44.034Z [DEBUG]: Checking authentication...
2025-02-21T15:03:44.040Z [ERROR]: Authentication error: jwt malformed
2025-02-21T15:03:44.047Z [DEBUG]: Checking authentication...
2025-02-21T15:03:44.048Z [ERROR]: Authentication error: jwt malformed
